==================================================
5x5 Demo Puzzle Test
==================================================
Puzzle valid: True (Valid puzzle)

Grid:
1 2 2 1 2
3 2 0 1 2
2 3 2 3 2
2 1 0 1 2
2 1 1 1 2

Solution edges: 28

Solver results:
  Greedy: 28 moves in 70.0ms (solution has 28 edges)
  D&C: 28 moves in 58.4ms (solution has 28 edges)
  DP: 101 moves in 478.1ms (solution has 28 edges)

Greedy gap: 0 edges unsolved
python : Traceback (most recent call last):
At line:1 char:1
+ python test_demo_puzzle.py > 
test_output.txt 2>&1
+ ~~~~~~~~~~~~~~~~~~~~~~~~~~~~~~~~~~~~~~~~~~~~
~~~~~
    + CategoryInfo          : NotSpecified: ( 
   Traceback (most recent call last)::String  
  ) [], RemoteException
    + FullyQualifiedErrorId : NativeCommandEr 
   ror
 
  File "C:\Users\LAKSHMI NARAYANA\Desktop\Loop
y_SimonTatham_Games\test_demo_puzzle.py", 
line 50, in <module>
    print("\u2717 Greedy solves it ù need 
harder puzzle")
  File "C:\Users\LAKSHMI NARAYANA\AppData\Loca
l\Programs\Python\Python312\Lib\encodings\cp12
52.py", line 19, in encode
    return codecs.charmap_encode(input,self.er
rors,encoding_table)[0]
           ^^^^^^^^^^^^^^^^^^^^^^^^^^^^^^^^^^^
^^^^^^^^^^^^^^^^^^^^
UnicodeEncodeError: 'charmap' codec can't 
encode character '\u2717' in position 0: 
character maps to <undefined>
